// Jest Snapshot v1, https://goo.gl/fbAQLP

exports[`passes snapshot test 1`] = `
<div>
  <NewTodoForm
    createTodo={[Function]}
  />
  <ul />
</div>
`;
