// Jest Snapshot v1, https://goo.gl/fbAQLP

exports[`passes snapshot test 1`] = `
<div>
  <button
    onClick={[Function]}
  >
    Edit
  </button>
  <button>
    X
  </button>
  <li />
</div>
`;
